[interovr.com/index.html]
[backblue.gif]
[fade.gif]
[index.html]
[interovr.com/wp-includes/css/dist/block-library/style.mindac3.css]
[interovr.com/comments/feed/index.html]
[interovr.com/feed/index.html]
[interovr.com/wp-content/plugins/contact-form-7/includes/css/styles6725.css]
[interovr.com/wp-content/themes/Avada/assets/css/style.min4245.css]
[interovr.com/wp-content/uploads/fusion-styles/fusion-879.mind44e.css]
[interovr.com/wp-includes/js/jquery/jquery.min9d52.js]
[interovr.com/wp-includes/js/jquery/jquery-migrate.mind617.js]
[interovr.com/wp-json/index.html]
[interovr.com/wp-json/wp/v2/pages/879.json]
[interovr.com/xmlrpc0db0.php]
[interovr.com/wp-includes/wlwmanifest.xml]
[interovr.com/wp-json/oembed/1.0/embed762b.json]
[interovr.com/wp-json/oembed/1.0/embed7a46]
[interovr.com/wp-content/uploads/2019/09/Main_Website_Oct1-2019.png]
[interovr.com/es/index.html]
[interovr.com/developers/index.html]
[interovr.com/app/index.html]
[interovr.com/wp-content/uploads/2019/07/DISPOSITIVOS.jpg]
[interovr.com/virtual-reality-headset-for-sports/index.html]
[interovr.com/press/index.html]
[interovr.com/wp-content/uploads/2019/01/1.jpg]
[interovr.com/trial-gym/index.html]
[interovr.com/author/sam/index.html]
[interovr.com/our-history/index.html]
[interovr.com/team/index.html]
[interovr.com/2019/07/25/intero-unam-lab/index.html]
[interovr.com/term-service/index.html]
[interovr.com/2018/08/20/remo-mexicano-rumbo-a-los-juegos-olimpicos-de-la-juventud-2018/index.html]
[interovr.com/wp-content/plugins/contact-form-7/includes/js/scripts6725.js]
[interovr.com/Privacy-Policy/index.html]
[interovr.com/wp-content/themes/Avada/includes/lib/assets/min/js/library/isotope459e.js]
[interovr.com/wp-content/themes/Avada/includes/lib/assets/min/js/library/jquery.infinitescroll53cf.js]
[interovr.com/wp-content/plugins/fusion-core/js/min/avada-faqs68b3.js]
[interovr.com/wp-content/themes/Avada/includes/lib/assets/min/js/library/jquery.fitvids4963.js]
[interovr.com/wp-content/themes/Avada/includes/lib/assets/min/js/library/fusion-video-general68b3.js]
[interovr.com/wp-content/themes/Avada/includes/lib/assets/min/js/library/jquery.ilightbox950a.js]
[interovr.com/wp-content/themes/Avada/includes/lib/assets/min/js/library/jquery.mousewheel7c45.js]
[interovr.com/wp-content/themes/Avada/includes/lib/assets/min/js/general/fusion-lightbox68b3.js]
[interovr.com/wp-content/themes/Avada/includes/lib/assets/min/js/library/imagesLoaded3a79.js]
[interovr.com/wp-content/themes/Avada/includes/lib/assets/min/js/library/packery001e.js]
[interovr.com/wp-content/plugins/fusion-core/js/min/avada-portfolio68b3.js]
[interovr.com/wp-content/themes/Avada/includes/lib/assets/min/js/library/cssuac93e.js]
[interovr.com/wp-content/themes/Avada/includes/lib/assets/min/js/library/jquery.waypointsb95e.js]
[interovr.com/wp-content/themes/Avada/includes/lib/assets/min/js/library/modernizr3d36.js]
[interovr.com/wp-content/themes/Avada/includes/lib/assets/min/js/general/fusion-waypoints68b3.js]
[interovr.com/wp-content/plugins/fusion-builder/assets/js/min/general/fusion-animations68b3.js]
[interovr.com/wp-content/plugins/fusion-builder/assets/js/min/library/jquery.countTo68b3.js]
[interovr.com/wp-content/themes/Avada/includes/lib/assets/min/js/library/jquery.easyPieCharte7f3.js]
[interovr.com/wp-content/themes/Avada/includes/lib/assets/min/js/library/jquery.appear68b3.js]
[interovr.com/wp-content/plugins/fusion-builder/assets/js/min/general/fusion-counters-circle68b3.js]
[interovr.com/wp-content/plugins/fusion-builder/assets/js/min/library/jquery.countdown5152.js]
[interovr.com/wp-content/plugins/fusion-builder/assets/js/min/general/fusion-countdown68b3.js]
[interovr.com/wp-content/plugins/fusion-builder/assets/js/min/general/fusion-syntax-highlighter68b3.js]
[interovr.com/wp-content/plugins/fusion-builder/assets/js/min/general/fusion-column-bg-image68b3.js]
[interovr.com/wp-content/themes/Avada/includes/lib/assets/min/js/general/fusion-equal-heights68b3.js]
[interovr.com/wp-content/plugins/fusion-builder/assets/js/min/general/fusion-column68b3.js]
[interovr.com/wp-content/themes/Avada/includes/lib/assets/min/js/library/bootstrap.modalb12b.js]
[interovr.com/wp-content/plugins/fusion-builder/assets/js/min/general/fusion-modal68b3.js]
[interovr.com/wp-content/plugins/fusion-builder/assets/js/min/general/fusion-content-boxes68b3.js]
[interovr.com/wp-content/plugins/fusion-builder/assets/js/min/general/fusion-events68b3.js]
[interovr.com/wp-content/plugins/fusion-builder/assets/js/min/general/fusion-gallery68b3.js]
[interovr.com/wp-content/plugins/fusion-builder/assets/js/min/general/fusion-progress68b3.js]
[interovr.com/wp-content/plugins/fusion-builder/assets/js/min/general/fusion-flip-boxes68b3.js]
[interovr.com/wp-content/themes/Avada/includes/lib/assets/min/js/library/jquery.cycle19ce.js]
[interovr.com/wp-content/plugins/fusion-builder/assets/js/min/general/fusion-testimonials68b3.js]
[interovr.com/wp-content/themes/Avada/includes/lib/assets/min/js/library/bootstrap.transitione485.js]
[interovr.com/wp-content/themes/Avada/includes/lib/assets/min/js/library/bootstrap.tabb12b.js]
[interovr.com/wp-content/plugins/fusion-builder/assets/js/min/general/fusion-tabs68b3.js]
[interovr.com/wp-content/themes/Avada/includes/lib/assets/min/js/library/bootstrap.collapseb12b.js]
[interovr.com/wp-content/plugins/fusion-builder/assets/js/min/general/fusion-toggles68b3.js]
[interovr.com/wp-content/themes/Avada/includes/lib/assets/min/js/library/jquery.fade68b3.js]
[interovr.com/wp-content/themes/Avada/includes/lib/assets/min/js/library/jquery.requestAnimationFrame68b3.js]
[interovr.com/wp-content/themes/Avada/includes/lib/assets/min/js/library/fusion-parallax68b3.js]
[interovr.com/wp-content/themes/Avada/includes/lib/assets/min/js/library/fusion-video-bg68b3.js]
[interovr.com/wp-content/plugins/fusion-builder/assets/js/min/general/fusion-container68b3.js]
[interovr.com/wp-content/plugins/fusion-builder/assets/js/min/library/Chart653d.js]
[interovr.com/wp-content/plugins/fusion-builder/assets/js/min/general/fusion-chart68b3.js]
[interovr.com/wp-content/plugins/fusion-builder/assets/js/min/general/fusion-recent-posts68b3.js]
[interovr.com/wp-content/themes/Avada/includes/lib/assets/min/js/library/jquery.fusion_maps605a.js]
[interovr.com/wp-content/themes/Avada/includes/lib/assets/min/js/general/fusion-google-map68b3.js]
[interovr.com/wp-content/plugins/fusion-builder/assets/js/min/general/fusion-counters-box68b3.js]
[interovr.com/wp-content/plugins/fusion-builder/assets/js/min/library/jquery.event.moved5f7.js]
[interovr.com/wp-content/plugins/fusion-builder/assets/js/min/general/fusion-image-before-after5152.js]
[interovr.com/wp-content/plugins/fusion-builder/assets/js/min/general/fusion-title68b3.js]
[interovr.com/wp-content/themes/Avada/includes/lib/assets/min/js/library/vimeoPlayer77e6.js]
[interovr.com/wp-content/plugins/fusion-builder/assets/js/min/general/fusion-video68b3.js]
[interovr.com/wp-content/themes/Avada/includes/lib/assets/min/js/library/jquery.hoverintent68b3.js]
[interovr.com/wp-content/themes/Avada/assets/min/js/general/avada-vertical-menu-widget68b3.js]
[interovr.com/wp-content/themes/Avada/includes/lib/assets/min/js/library/bootstrap.tooltip46df.js]
[interovr.com/wp-content/themes/Avada/includes/lib/assets/min/js/library/bootstrap.popover46df.js]
[interovr.com/wp-content/themes/Avada/includes/lib/assets/min/js/library/jquery.carouFredSelf731.js]
[interovr.com/wp-content/themes/Avada/includes/lib/assets/min/js/library/jquery.easing4e44.js]
[interovr.com/wp-content/themes/Avada/includes/lib/assets/min/js/library/jquery.flexslider605a.js]
[interovr.com/wp-content/themes/Avada/includes/lib/assets/min/js/library/jquery.hoverflow68b3.js]
[interovr.com/wp-content/themes/Avada/includes/lib/assets/min/js/library/jquery.placeholder5d0a.js]
[interovr.com/wp-content/themes/Avada/includes/lib/assets/min/js/library/jquery.touchSwipe7514.js]
[interovr.com/wp-content/themes/Avada/includes/lib/assets/min/js/general/fusion-alert68b3.js]
[interovr.com/wp-content/themes/Avada/includes/lib/assets/min/js/general/fusion-carousel68b3.js]
[interovr.com/wp-content/themes/Avada/includes/lib/assets/min/js/general/fusion-flexslider68b3.js]
[interovr.com/wp-content/themes/Avada/includes/lib/assets/min/js/general/fusion-popover68b3.js]
[interovr.com/wp-content/themes/Avada/includes/lib/assets/min/js/general/fusion-tooltip68b3.js]
[interovr.com/wp-content/themes/Avada/includes/lib/assets/min/js/general/fusion-sharing-box68b3.js]
[interovr.com/wp-content/themes/Avada/includes/lib/assets/min/js/general/fusion-blog68b3.js]
[interovr.com/wp-content/themes/Avada/includes/lib/assets/min/js/general/fusion-button68b3.js]
[interovr.com/wp-content/themes/Avada/includes/lib/assets/min/js/general/fusion-general-global68b3.js]
[interovr.com/wp-content/themes/Avada/includes/lib/assets/min/js/general/fusion-ie101168b3.js]
[interovr.com/wp-content/themes/Avada/assets/min/js/general/avada-header4245.js]
[interovr.com/wp-content/themes/Avada/assets/min/js/general/avada-menu4245.js]
[interovr.com/wp-content/themes/Avada/includes/lib/assets/min/js/general/fusion-scroll-to-anchor68b3.js]
[interovr.com/wp-content/themes/Avada/includes/lib/assets/min/js/general/fusion-responsive-typography68b3.js]
[interovr.com/wp-content/themes/Avada/assets/min/js/library/bootstrap.scrollspyd617.js]
[interovr.com/wp-content/themes/Avada/assets/min/js/general/avada-comments4245.js]
[interovr.com/wp-content/themes/Avada/assets/min/js/general/avada-general-footer4245.js]
[interovr.com/wp-content/themes/Avada/assets/min/js/general/avada-quantity4245.js]
[interovr.com/wp-content/themes/Avada/assets/min/js/general/avada-scrollspy4245.js]
[interovr.com/wp-content/themes/Avada/assets/min/js/general/avada-select4245.js]
[interovr.com/wp-content/themes/Avada/assets/min/js/general/avada-sidebars4245.js]
[interovr.com/wp-content/themes/Avada/assets/min/js/library/jquery.sticky-kit4245.js]
[interovr.com/wp-content/themes/Avada/assets/min/js/general/avada-tabs-widget4245.js]
[interovr.com/wp-content/themes/Avada/assets/min/js/general/avada-wpml4245.js]
[interovr.com/wp-content/themes/Avada/assets/min/js/library/jquery.toTop62ea.js]
[interovr.com/wp-content/themes/Avada/assets/min/js/general/avada-to-top4245.js]
[interovr.com/wp-content/themes/Avada/assets/min/js/general/avada-drop-down4245.js]
[interovr.com/wp-content/themes/Avada/assets/min/js/general/avada-mobile-image-hover4245.js]
[interovr.com/wp-content/themes/Avada/assets/min/js/general/avada-contact-form-74245.js]
[interovr.com/wp-content/themes/Avada/assets/min/js/library/jquery.elasticslider4245.js]
[interovr.com/wp-content/themes/Avada/assets/min/js/general/avada-elastic-slider4245.js]
[interovr.com/wp-content/plugins/fusion-core/js/min/avada-fusion-slider68b3.js]
[interovr.com/wp-includes/js/wp-embed.mindac3.js]
[interovr.com/index.html]
[interovr.com/wp-includes/css/dist/block-library/style.mindac3.css]
[interovr.com/wp-content/plugins/contact-form-7/images/ajax-loader.gif]
[interovr.com/wp-content/plugins/contact-form-7/includes/css/styles6725.css]
[interovr.com/wp-content/themes/Avada/assets/images/shadow-top.png]
[interovr.com/wp-content/themes/Avada/assets/images/shadow-bottom.png]
[interovr.com/wp-content/themes/Avada/assets/css/style.min4245.css]
[interovr.com/wp-content/plugins/fusion-builder/assets/images/iLightbox/closedhand.ico]
[interovr.com/wp-content/themes/Avada/includes/lib/assets/fonts/fontawesome/webfonts/fa-brands-400.eot]
[interovr.com/wp-content/themes/Avada/includes/lib/assets/fonts/icomoon/icomoon.eot]
[interovr.com/wp-content/themes/Avada/includes/lib/assets/fonts/icomoon/icomoond41d.eot]
[interovr.com/wp-content/themes/Avada/includes/lib/assets/fonts/icomoon/icomoon.woff]
[interovr.com/wp-content/themes/Avada/includes/lib/assets/fonts/icomoon/icomoon.ttf]
[interovr.com/wp-content/uploads/fusion-styles/fusion-879.mind44e.css]
[interovr.com/wp-content/uploads/fusion-styles/fusion-1250.minab0f.css]
[interovr.com/es/feed/index.html]
[interovr.com/wp-json/wp/v2/pages/1250.json]
[interovr.com/wp-json/oembed/1.0/embed4da3.json]
[interovr.com/wp-json/oembed/1.0/embedcb59]
[interovr.com/wp-content/uploads/2018/05/logoIntero-1.png]
[interovr.com/wp-content/uploads/2018/05/logoIntero.png]
[interovr.com/es/pruebalo-en-tu-gimnasio/index.html]
[interovr.com/es/index.html]
[interovr.com/es/visor/index.html]
[interovr.com/es/noticias/index.html]
[interovr.com/wp-content/uploads/fusion-scripts/5e3f54b602b4ef9ba30e0bf952fd0ebe.mina3bc.js]
[interovr.com/es/author/sam/index.html]
[interovr.com/es/2018/07/23/mexico-arrasa-en-remo-en-los-xxiii-juegos-centroamericanos-y-del-caribe-barranquilla-2018/index.html]
[interovr.com/es/2018/07/03/holand-beker-unam-ganan/index.html]
[interovr.com/wp-content/uploads/fusion-styles/fusion-2388.min29e0.css]
[interovr.com/wp-json/wp/v2/pages/2388.json]
[interovr.com/wp-json/oembed/1.0/embed8320.json]
[interovr.com/wp-json/oembed/1.0/embed16c3]
[interovr.com/developers/index.html]
[interovr.com/author/rebeccarogers/index.html]
[interovr.com/wp-content/uploads/fusion-styles/fusion-2299.min1c82.css]
[interovr.com/wp-json/wp/v2/pages/2299.json]
[interovr.com/wp-json/oembed/1.0/embed9a4e.json]
[interovr.com/wp-json/oembed/1.0/embed8e49]
[interovr.com/wp-content/uploads/2019/07/SINCRONIZACION-1.jpg]
[interovr.com/es/app-2/index.html]
[interovr.com/wp-content/uploads/2019/07/ESCENARIOS-1.jpg]
[interovr.com/wp-content/uploads/2019/07/PERSONALIZAR2.jpg]
[interovr.com/wp-content/uploads/2019/07/SISTEMA-1.jpg]
[interovr.com/wp-content/uploads/2019/07/COMPETENCIA-1.jpg]
[interovr.com/wp-content/uploads/2018/05/ENVIRONMENTS.jpg]
[interovr.com/wp-content/uploads/2018/05/79.jpg]
[interovr.com/wp-content/uploads/2018/05/CARRUSEL.jpg]
[interovr.com/wp-content/uploads/2018/05/carrousell-1.jpg]
[interovr.com/wp-content/uploads/2018/05/carrousell-2.jpg]
[interovr.com/wp-content/uploads/2018/05/carrouselll3.jpg]
[interovr.com/wp-content/uploads/2018/05/carrousell4-1.jpg]
[interovr.com/wp-content/uploads/2018/05/caroussell.jpg]
[interovr.com/wp-content/uploads/2018/05/carrosell4.jpg]
[interovr.com/wp-content/uploads/2018/05/carrousel.jpg]
[interovr.com/wp-content/uploads/2018/05/carrousellll-1.jpg]
[interovr.com/wp-content/uploads/2015/05/home-parallax.jpg]
[interovr.com/app/index.html]
[interovr.com/wp-content/uploads/fusion-styles/fusion-73.min0975.css]
[interovr.com/virtual-reality-headset-for-sports/feed/index.html]
[interovr.com/wp-json/wp/v2/pages/73.json]
[interovr.com/wp-json/oembed/1.0/embed1d56.json]
[interovr.com/wp-json/oembed/1.0/embed6eac]
[interovr.com/wp-content/uploads/2015/05/headset1-3.png]
[interovr.com/wp-content/uploads/2018/05/headset2.png]
[interovr.com/wp-content/uploads/2018/05/headset3.png]
[interovr.com/wp-content/uploads/2015/05/gym_bkgd_bw-compressor.jpg]
[interovr.com/wp-content/uploads/2018/05/headsetReal1.png]
[interovr.com/wp-content/uploads/2018/05/headsetReal3.png]
[interovr.com/wp-content/uploads/2018/05/headsetReal2.png]
[interovr.com/virtual-reality-headset-for-sports/index.html]
[interovr.com/wp-includes/js/comment-reply.mindac3.js]
[interovr.com/wp-content/uploads/fusion-styles/fusion-1146.minefd0.css]
[interovr.com/wp-json/wp/v2/pages/1146.json]
[interovr.com/wp-json/oembed/1.0/embed0a35.json]
[interovr.com/wp-json/oembed/1.0/embed59dc]
[interovr.com/wp-content/uploads/2019/07/Captura-de-Tela-2019-07-25-às-17.15.29.png]
[interovr.com/wp-content/uploads/2018/08/39515233_660377190998424_1610241023760400384_n-800x600-1-400x300.jpg]
[interovr.com/wp-content/uploads/2018/08/39515233_660377190998424_1610241023760400384_n-800x600-1.jpg]
[interovr.com/wp-content/uploads/2018/05/news-1172463_960_720-400x300.jpg]
[interovr.com/wp-content/uploads/2018/05/news-1172463_960_720.jpg]
[interovr.com/2018/05/25/https-www-youtube-com-watchvw8mvglxzjzqt1s/index.html]
[interovr.com/wp-content/uploads/2015/05/Video-simulacion-400x199.jpg]
[interovr.com/wp-content/uploads/2015/05/Video-simulacion.jpg]
[interovr.com/2018/05/12/watch-our-demos/index.html]
[interovr.com/wp-content/uploads/2015/05/180514-aca1_princ-400x267.jpg]
[interovr.com/wp-content/uploads/2015/05/180514-aca1_princ.jpg]
[interovr.com/2018/05/11/gaceta-unam-has-published-a-post-about-intero/index.html]
[interovr.com/wp-content/uploads/2015/05/excelsior-tv-400x225.jpg]
[interovr.com/wp-content/uploads/2015/05/excelsior-tv.jpg]
[interovr.com/2018/05/10/simple-crossfit-principles-you-can-include-in-your-next-workout/index.html]
[interovr.com/wp-content/uploads/2018/06/5a29745a89286.image_-400x326.jpg]
[interovr.com/wp-content/uploads/2018/06/5a29745a89286.image_.jpg]
[interovr.com/2018/05/09/this-virtual-reality-app-designer-is-a-real-life-tucson-badass/index.html]
[interovr.com/wp-content/uploads/2015/05/tv-unam-400x215.jpg]
[interovr.com/wp-content/uploads/2015/05/tv-unam.jpg]
[interovr.com/2018/05/08/the-myths-of-shedding-body-fat-explored/index.html]
[interovr.com/wp-content/uploads/2015/05/noticias-df-400x219.jpg]
[interovr.com/wp-content/uploads/2015/05/noticias-df.jpg]
[interovr.com/2018/05/07/the-10-biggest-mistakes-that-every-gym-members-makes/index.html]
[interovr.com/wp-content/uploads/2015/05/logojor-400x250.jpg]
[interovr.com/wp-content/uploads/2015/05/logojor.jpg]
[interovr.com/2018/05/06/most-popular-new-workout-methods/index.html]
[interovr.com/wp-content/uploads/2015/05/unnamed-400x400.jpg]
[interovr.com/wp-content/uploads/2015/05/unnamed.jpg]
[interovr.com/2018/05/05/10-ways-to-improve-your-core-strength/index.html]
[interovr.com/wp-content/uploads/2015/05/notimex.jpg]
[interovr.com/wp-content/uploads/2013/11/2f96361-400x137.png]
[interovr.com/2018/05/04/best-way-to-track-your-body-stats/index.html]
[interovr.com/wp-content/uploads/2013/11/2f96361.png]
[interovr.com/2018/05/03/fundacion-unam/index.html]
[interovr.com/wp-content/uploads/2015/05/music-400x225.jpg]
[interovr.com/wp-content/uploads/2015/05/music.jpg]
[interovr.com/2018/05/01/to-be-number-one-you-have-to-train-like-youre-number-two/index.html]
[interovr.com/wp-content/uploads/2018/04/social-media-400x217.jpg]
[interovr.com/wp-content/uploads/2018/04/social-media.jpg]
[interovr.com/press/index.html]
[interovr.com/2018/04/05/unam-shared-a-publication-on-their-social-media/index.html]
[interovr.com/wp-content/uploads/fusion-styles/fusion-80.mind1a7.css]
[interovr.com/trial-gym/feed/index.html]
[interovr.com/wp-json/wp/v2/pages/80.json]
[interovr.com/wp-json/oembed/1.0/embed756b.json]
[interovr.com/wp-json/oembed/1.0/embed484c]
[interovr.com/wp-content/uploads/2019/07/GYM.jpg]
[interovr.com/wp-content/uploads/2019/02/1_.jpg]
[interovr.com/wp-content/uploads/2019/02/celusss.jpg]
[interovr.com/trial-gym/index.html]
[interovr.com/author/sam/page/2/index.html]
[interovr.com/wp-content/uploads/fusion-styles/fusion-1-archive.min5760.css]
[interovr.com/author/sam/feed/index.html]
[interovr.com/author/sam/index.html]
[interovr.com/category/news/index.html]
[interovr.com/category/uncategorized/index.html]
[interovr.com/category/fitness/index.html]
[interovr.com/category/health/index.html]
[interovr.com/category/cardio/index.html]
[interovr.com/category/weights/index.html]
[interovr.com/wp-content/uploads/fusion-styles/fusion-1076.min99e8.css]
[interovr.com/wp-json/wp/v2/pages/1076.json]
[interovr.com/wp-json/oembed/1.0/embedff26.json]
[interovr.com/wp-json/oembed/1.0/embed9937]
[interovr.com/wp-content/uploads/2018/06/hack.jpg]
[interovr.com/our-history/index.html]
[interovr.com/wp-content/uploads/fusion-styles/fusion-525.min966d.css]
[interovr.com/wp-json/wp/v2/pages/525.json]
[interovr.com/wp-json/oembed/1.0/embeddf19.json]
[interovr.com/wp-json/oembed/1.0/embeda3ff]
[interovr.com/wp-content/uploads/2020/02/rocamora.jpg]
[interovr.com/wp-content/uploads/2018/06/IMG_0360.jpg]
[interovr.com/wp-content/uploads/2018/05/FLOR18X.jpg]
[interovr.com/team/index.html]
[interovr.com/wp-content/uploads/fusion-styles/fusion-2190.min6f3c.css]
[interovr.com/2019/07/25/intero-unam-lab/feed/index.html]
[interovr.com/wp-json/wp/v2/posts/2190.json]
[interovr.com/wp-json/oembed/1.0/embedc368.json]
[interovr.com/wp-json/oembed/1.0/embeda30e]
[interovr.com/wp-content/uploads/2018/08/39515233_660377190998424_1610241023760400384_n-800x600-1-500x383.jpg]
[interovr.com/wp-content/uploads/2018/05/news-1172463_960_720-500x383.jpg]
[interovr.com/wp-content/uploads/2015/05/Video-simulacion-500x383.jpg]
[interovr.com/wp-content/uploads/2015/05/180514-aca1_princ-500x383.jpg]
[interovr.com/wp-content/uploads/2015/05/excelsior-tv-500x383.jpg]
[interovr.com/2019/07/25/intero-unam-lab/index.html]
[interovr.com/2018/08/20/remo-mexicano-rumbo-a-los-juegos-olimpicos-de-la-juventud-2018/feed/index.html]
[interovr.com/wp-content/uploads/fusion-styles/fusion-1797.min9315.css]
[interovr.com/wp-json/wp/v2/posts/1797.json]
[interovr.com/wp-json/oembed/1.0/embedec1b.json]
[interovr.com/wp-json/oembed/1.0/embed3425]
[interovr.com/wp-content/uploads/2018/08/39515233_660377190998424_1610241023760400384_n-300x225.jpg]
[interovr.com/wp-content/uploads/2018/08/39442968_723808171291920_7867866889219735552_n-300x225.jpg]
[interovr.com/wp-content/uploads/2019/07/Captura-de-Tela-2019-07-25-às-17.15.29-500x383.png]
[interovr.com/2018/08/20/remo-mexicano-rumbo-a-los-juegos-olimpicos-de-la-juventud-2018/index.html]
[interovr.com/author/mariana/index.html]
[interovr.com/wp-content/uploads/fusion-styles/fusion-1741.minbadf.css]
[interovr.com/wp-json/wp/v2/pages/1741.json]
[interovr.com/wp-json/oembed/1.0/embed72b2.json]
[interovr.com/wp-json/oembed/1.0/embed3081]
[interovr.com/term-service/index.html]
[interovr.com/privacy-policy/index-2.html]
[interovr.com/wp-content/uploads/fusion-styles/fusion-3.min6c85.css]
[interovr.com/privacy-policy/feed/index.html]
[interovr.com/wp-json/wp/v2/pages/3.json]
[interovr.com/wp-json/oembed/1.0/embedefb1.json]
[interovr.com/wp-json/oembed/1.0/embedca84]
[interovr.com/Privacy-Policy/index.html]
[interovr.com/wp-admin/admin-ajax.html]
[interovr.com/wp-content/themes/Avada/includes/lib/assets/fonts/icomoon/icomoon.svg]
[interovr.com/es/comments/feed/index.html]
[interovr.com/wp-content/uploads/fusion-styles/fusion-1250.minab0f.css]
[interovr.com/wp-content/uploads/fusion-styles/fusion-1437.minf5dc.css]
[interovr.com/es/pruebalo-en-tu-gimnasio/feed/index.html]
[interovr.com/wp-json/wp/v2/pages/1437.json]
[interovr.com/wp-json/oembed/1.0/embed6a6e.json]
[interovr.com/wp-json/oembed/1.0/embed76d2]
[interovr.com/wp-content/uploads/2019/01/editadaa-con-visor.jpg]
[interovr.com/wp-content/uploads/2019/02/MG_1148-2.jpg]
[interovr.com/wp-content/uploads/2018/06/87989-img_2193-2.jpg]
[interovr.com/wp-content/uploads/2018/06/ss.jpg]
[interovr.com/wp-content/uploads/2019/01/foto-alan-Recuperado_.jpg]
[interovr.com/wp-content/uploads/2019/02/celusss-1.jpg]
[interovr.com/es/pruebalo-en-tu-gimnasio/index.html]
[interovr.com/wp-content/uploads/fusion-styles/fusion-1148.minb307.css]
[interovr.com/es/visor/feed/index.html]
[interovr.com/wp-json/wp/v2/pages/1148.json]
[interovr.com/wp-json/oembed/1.0/embed0b66.json]
[interovr.com/wp-json/oembed/1.0/embedba1f]
[interovr.com/es/visor/index.html]
[interovr.com/wp-content/uploads/fusion-styles/fusion-1659.min7326.css]
[interovr.com/wp-json/wp/v2/pages/1659.json]
[interovr.com/wp-json/oembed/1.0/embed3019.json]
[interovr.com/wp-json/oembed/1.0/embed6004]
[interovr.com/wp-content/uploads/2019/02/SXSS.jpg]
[interovr.com/es/2018/05/12/mira-nuestros-demos/index.html]
[interovr.com/es/2018/05/11/gaceta-unam-publico-a-cerca-de-intero/index.html]
[interovr.com/es/2018/05/25/checa-nuestras-noticias/index.html]
[interovr.com/es/2018/05/10/excelsior-tv-publico-nuestro-trabajo/index.html]
[interovr.com/es/noticias/index.html]
[interovr.com/es/2018/05/09/this-virtual-reality-app-designer-is-a-real-life-tucson-badass-2/index.html]
[interovr.com/wp-content/uploads/fusion-scripts/b498e6af17142dc0f40c9ffa07b8e38d.mine62f.js]
[interovr.com/es/2018/05/08/tv-unam-compartio-nuestro-trabajo/index.html]
[interovr.com/es/author/sam/index.html]
[interovr.com/es/2018/05/06/la-jornada-publico-nuestro-trabajo-en-el-periodico/index.html]
[interovr.com/es/2018/05/07/noticias-del-df-compartio/index.html]
[interovr.com/es/2018/05/05/tv-azteca-noticias-compartio-una-publicacion-acerca-de-nuestro-trabajo/index.html]
[interovr.com/es/2018/05/04/notimex-compartio-una-publicacion-de-intero/index.html]
[interovr.com/wp-content/uploads/2018/07/37601723_1210712575736541_1072194828319588352_n-1.jpg]
[interovr.com/es/2018/05/03/fundacion-unam-compartio-nuestro-trabajo/index.html]
[interovr.com/es/2018/05/01/experimentos-con-electroencefalograma-con-musica-y-movimiento/index.html]
[interovr.com/es/2018/04/05/unam-compartio-una-publicacion-en-sus-redes-sociales/index.html]
[interovr.com/es/author/sam/page/2/index.html]
[interovr.com/es/author/sam/feed/index.html]
[interovr.com/wp-content/uploads/fusion-styles/fusion-1759.min4da7.css]
[interovr.com/es/2018/07/23/mexico-arrasa-en-remo-en-los-xxiii-juegos-centroamericanos-y-del-caribe-barranquilla-2018/feed/index.html]
[interovr.com/es/category/uncategorized-es/index.html]
[interovr.com/wp-json/wp/v2/posts/1759.json]
[interovr.com/wp-json/oembed/1.0/embedfa4c.json]
[interovr.com/wp-json/oembed/1.0/embed2d0d]
[interovr.com/wp-content/uploads/2018/07/alanAlexis.jpg]
[interovr.com/wp-content/uploads/2018/07/alexis4.jpg]
[interovr.com/wp-content/uploads/2018/07/alexis3.jpg]
[interovr.com/wp-content/uploads/2018/07/alexis2.jpg]
[interovr.com/wp-content/uploads/2018/07/37586666_1965529993469277_5028228276259127296_o.jpg]
[interovr.com/wp-content/uploads/2018/07/fabKen.jpg]
[interovr.com/wp-content/uploads/2018/07/keniaSola.jpg]
[interovr.com/wp-content/uploads/2018/07/maithe2.jpg]
[interovr.com/wp-content/uploads/2018/07/maythe.jpg]
[interovr.com/wp-content/uploads/2018/07/Naiara.jpg]
[interovr.com/wp-content/uploads/2018/07/dobleAngel2.jpg]
[interovr.com/es/2018/07/23/mexico-arrasa-en-remo-en-los-xxiii-juegos-centroamericanos-y-del-caribe-barranquilla-2018/index.html]
[interovr.com/wp-content/uploads/2018/07/WhatsApp-Image-2018-07-03-at-1.22.31-PM.jpg]
[interovr.com/wp-content/uploads/fusion-styles/fusion-1727.min167d.css]
[interovr.com/es/2018/07/03/holand-beker-unam-ganan/feed/index.html]
[interovr.com/wp-json/wp/v2/posts/1727.json]
[interovr.com/wp-json/oembed/1.0/embedfc2d.json]
[interovr.com/wp-json/oembed/1.0/embed8322]
[interovr.com/wp-content/uploads/2018/07/WhatsApp-Image-2018-07-03-at-1.22.50-PM.jpg]
[interovr.com/es/2018/07/03/holand-beker-unam-ganan/index.html]
[interovr.com/wp-content/uploads/fusion-styles/fusion-2388.min29e0.css]
[interovr.com/indexf75b.html]
[interovr.com/wp-content/uploads/fusion-styles/fusion-6-archive.minf230.css]
[interovr.com/author/rebeccarogers/feed/index.html]
[interovr.com/author/rebeccarogers/index.html]
[interovr.com/wp-content/uploads/fusion-styles/fusion-2299.min1c82.css]
[interovr.com/index05a9.html]
[interovr.com/wp-content/uploads/fusion-styles/fusion-2302.min52f8.css]
[interovr.com/wp-json/wp/v2/pages/2302.json]
[interovr.com/wp-json/oembed/1.0/embed77ae.json]
[interovr.com/wp-json/oembed/1.0/embed6380]
[interovr.com/wp-content/uploads/2018/05/APP-1.jpg]
[interovr.com/wp-content/uploads/2018/05/8-pag-app.png]
[interovr.com/wp-content/uploads/2018/05/WebPromo.webm]
[interovr.com/wp-content/uploads/2018/05/WebPromo.mp4]
[interovr.com/wp-content/uploads/2019/07/SINCRONIZACION-2.jpg]
[interovr.com/wp-content/uploads/2019/07/ESCENARIOS-2.jpg]
[interovr.com/wp-content/uploads/2019/07/PERSONALIZAR2-1.jpg]
[interovr.com/wp-content/uploads/2019/07/SISTEMA-2.jpg]
[interovr.com/wp-content/uploads/2019/07/COMPETENCIA-2.jpg]
[interovr.com/wp-content/uploads/2019/01/black-and-white-home-photo.jpg]
[interovr.com/wp-content/uploads/2019/02/s-2.jpg]
[interovr.com/es/app-2/index.html]
[interovr.com/wp-content/uploads/fusion-styles/fusion-73.min0975.css]
[interovr.com/index8cae.html]
[interovr.com/wp-content/uploads/fusion-styles/fusion-1146.minefd0.css]
[interovr.com/indexf518.html]
[interovr.com/2018/05/25/https-www-youtube-com-watchvw8mvglxzjzqt1s/feed/index.html]
[interovr.com/wp-content/uploads/fusion-styles/fusion-1.mina770.css]
[interovr.com/wp-json/wp/v2/posts/1.json]
[interovr.com/wp-json/oembed/1.0/embedf972.json]
[interovr.com/wp-json/oembed/1.0/embed52f7]
[interovr.com/2018/05/25/https-www-youtube-com-watchvw8mvglxzjzqt1s/index.html]
[interovr.com/wp-content/uploads/fusion-styles/fusion-108.min2343.css]
[interovr.com/2018/05/12/watch-our-demos/feed/index.html]
[interovr.com/wp-json/wp/v2/posts/108.json]
[interovr.com/wp-json/oembed/1.0/embedc131.json]
[interovr.com/wp-json/oembed/1.0/embed9529]
[interovr.com/wp-content/uploads/2015/05/Video-simulacion-800x399.jpg]
[interovr.com/wp-login.html]
[interovr.com/2019/07/index.html]
[interovr.com/2018/08/index.html]
[interovr.com/2018/05/index.html]
[interovr.com/2018/04/index.html]
[interovr.com/2018/05/12/watch-our-demos/index.html]
[interovr.com/tag/fat/index.html]
[interovr.com/tag/food/index.html]
[interovr.com/tag/goals/index.html]
[interovr.com/tag/lifting/index.html]
[interovr.com/tag/loss/index.html]
[interovr.com/tag/muscle/index.html]
[interovr.com/tag/running/index.html]
[interovr.com/tag/strength/index.html]
[interovr.com/tag/train/index.html]
[interovr.com/wp-content/uploads/fusion-styles/fusion-96.min1fbc.css]
[interovr.com/2018/05/11/gaceta-unam-has-published-a-post-about-intero/feed/index.html]
[interovr.com/wp-json/wp/v2/posts/96.json]
[interovr.com/wp-json/oembed/1.0/embed982e.json]
[interovr.com/wp-json/oembed/1.0/embed8619]
[interovr.com/2018/05/11/gaceta-unam-has-published-a-post-about-intero/index.html]
[interovr.com/wp-content/uploads/fusion-styles/fusion-102.minb20c.css]
[interovr.com/2018/05/10/simple-crossfit-principles-you-can-include-in-your-next-workout/feed/index.html]
[interovr.com/wp-json/wp/v2/posts/102.json]
[interovr.com/wp-json/oembed/1.0/embed12df.json]
[interovr.com/wp-json/oembed/1.0/embed9dc1]
[interovr.com/wp-content/uploads/2015/05/excelsior-tv-800x450.jpg]
[interovr.com/2018/05/10/simple-crossfit-principles-you-can-include-in-your-next-workout/index.html]
[interovr.com/wp-content/uploads/fusion-styles/fusion-1584.min15ab.css]
[interovr.com/2018/05/09/this-virtual-reality-app-designer-is-a-real-life-tucson-badass/feed/index.html]
[interovr.com/wp-json/wp/v2/posts/1584.json]
[interovr.com/wp-json/oembed/1.0/embed164e.json]
[interovr.com/wp-json/oembed/1.0/embed2b6a]
[interovr.com/2018/05/09/this-virtual-reality-app-designer-is-a-real-life-tucson-badass/index.html]
[interovr.com/wp-content/uploads/fusion-styles/fusion-105.min8566.css]
[interovr.com/2018/05/08/the-myths-of-shedding-body-fat-explored/feed/index.html]
[interovr.com/wp-json/wp/v2/posts/105.json]
[interovr.com/wp-json/oembed/1.0/embeddb43.json]
[interovr.com/wp-json/oembed/1.0/embed8e8f]
[interovr.com/wp-content/uploads/2015/05/tv-unam-800x431.jpg]
[interovr.com/2018/05/08/the-myths-of-shedding-body-fat-explored/index.html]
[interovr.com/wp-content/uploads/fusion-styles/fusion-99.minae41.css]
[interovr.com/2018/05/07/the-10-biggest-mistakes-that-every-gym-members-makes/feed/index.html]
[interovr.com/wp-json/wp/v2/posts/99.json]
[interovr.com/wp-json/oembed/1.0/embedb497.json]
[interovr.com/wp-json/oembed/1.0/embedce94]
[interovr.com/wp-content/uploads/2015/05/noticias-df-800x439.jpg]
[interovr.com/2018/05/07/the-10-biggest-mistakes-that-every-gym-members-makes/index.html]
[interovr.com/2018/05/06/most-popular-new-workout-methods/feed/index.html]
[interovr.com/wp-content/uploads/fusion-styles/fusion-719.min99e1.css]
[interovr.com/wp-json/wp/v2/posts/719.json]
[interovr.com/wp-json/oembed/1.0/embed86f6.json]
[interovr.com/wp-json/oembed/1.0/embedcea2]
[interovr.com/2018/05/06/most-popular-new-workout-methods/index.html]
[interovr.com/2018/05/05/10-ways-to-improve-your-core-strength/feed/index.html]
[interovr.com/wp-content/uploads/fusion-styles/fusion-93.minefe9.css]
[interovr.com/wp-json/wp/v2/posts/93.json]
[interovr.com/wp-json/oembed/1.0/embedcc13.json]
[interovr.com/wp-json/oembed/1.0/embedd9c5]
[interovr.com/wp-content/uploads/2015/05/unnamed-800x800.jpg]
[interovr.com/2018/05/05/10-ways-to-improve-your-core-strength/index.html]
[interovr.com/2018/05/04/best-way-to-track-your-body-stats/feed/index.html]
[interovr.com/wp-content/uploads/fusion-styles/fusion-721.min2892.css]
[interovr.com/wp-json/wp/v2/posts/721.json]
[interovr.com/wp-json/oembed/1.0/embedccbc.json]
[interovr.com/wp-json/oembed/1.0/embed1470]
[interovr.com/2018/05/04/best-way-to-track-your-body-stats/index.html]
[interovr.com/wp-content/uploads/fusion-styles/fusion-1556.mina4c4.css]
[interovr.com/2018/05/03/fundacion-unam/feed/index.html]
[interovr.com/wp-json/wp/v2/posts/1556.json]
[interovr.com/wp-json/oembed/1.0/embed298c.json]
[interovr.com/wp-json/oembed/1.0/embed5ce6]
[interovr.com/2018/05/03/fundacion-unam/index.html]
[interovr.com/wp-content/uploads/fusion-styles/fusion-111.min93c1.css]
[interovr.com/2018/05/01/to-be-number-one-you-have-to-train-like-youre-number-two/feed/index.html]
[interovr.com/wp-json/wp/v2/posts/111.json]
[interovr.com/wp-json/oembed/1.0/embedfaec.json]
[interovr.com/wp-json/oembed/1.0/embed4c61]
[interovr.com/wp-content/uploads/2015/05/music-800x450.jpg]
[interovr.com/2018/05/01/to-be-number-one-you-have-to-train-like-youre-number-two/index.html]
[interovr.com/wp-content/uploads/fusion-styles/fusion-1600.mina836.css]
[interovr.com/2018/04/05/unam-shared-a-publication-on-their-social-media/feed/index.html]
[interovr.com/wp-json/wp/v2/posts/1600.json]
[interovr.com/wp-json/oembed/1.0/embed6330.json]
[interovr.com/wp-json/oembed/1.0/embed6ce5]
[interovr.com/wp-content/uploads/2018/04/social-media-1200x651.jpg]
[interovr.com/2018/04/05/unam-shared-a-publication-on-their-social-media/index.html]
[interovr.com/wp-content/uploads/fusion-styles/fusion-80.mind1a7.css]
[interovr.com/indexbde5.html]
[interovr.com/author/sam/page/2/index.html]
[interovr.com/wp-content/uploads/fusion-styles/fusion-1-archive.min5760.css]
[interovr.com/wp-json/wp/v2/users/1.json]
[interovr.com/author/sam/+52 1 55 8561 0889.html]
[interovr.com/category/news/feed/index.html]
[interovr.com/wp-content/uploads/fusion-styles/fusion-77-archive.minf7b1.css]
[interovr.com/wp-json/wp/v2/categories/77.json]
[interovr.com/category/news/index.html]
[interovr.com/category/uncategorized/index.html]
[interovr.com/wp-json/wp/v2/categories/1.json]
[interovr.com/category/uncategorized/page/2/index.html]
[interovr.com/category/uncategorized/feed/index.html]
[interovr.com/category/fitness/feed/index.html]
[interovr.com/wp-content/uploads/fusion-styles/fusion-3-archive.min4307.css]
[interovr.com/wp-json/wp/v2/categories/3.json]
[interovr.com/category/fitness/index.html]
[interovr.com/category/health/feed/index.html]
[interovr.com/wp-content/uploads/fusion-styles/fusion-4-archive.min7af6.css]
[interovr.com/wp-json/wp/v2/categories/4.json]
[interovr.com/category/health/index.html]
[interovr.com/category/cardio/feed/index.html]
[interovr.com/wp-content/uploads/fusion-styles/fusion-2-archive.minbae4.css]
[interovr.com/wp-json/wp/v2/categories/2.json]
[interovr.com/category/cardio/index.html]
[interovr.com/category/weights/feed/index.html]
[interovr.com/wp-content/uploads/fusion-styles/fusion-5-archive.min5a54.css]
[interovr.com/wp-json/wp/v2/categories/5.json]
[interovr.com/category/weights/index.html]
[interovr.com/wp-content/uploads/fusion-styles/fusion-1076.min99e8.css]
[interovr.com/indexa83f.html]
[interovr.com/wp-content/uploads/fusion-styles/fusion-525.min966d.css]
[interovr.com/index27cd.html]
[interovr.com/team/AZ.html]
[interovr.com/wp-content/uploads/fusion-styles/fusion-2190.min6f3c.css]
[interovr.com/indexf220.html]
[interovr.com/wp-content/uploads/fusion-styles/fusion-1797.min9315.css]
[interovr.com/index3dd6.html]
[interovr.com/author/mariana/index.html]
[interovr.com/wp-content/uploads/fusion-styles/fusion-1741.minbadf.css]
[interovr.com/indexef83.html]
[interovr.com/privacy-policy/index-2.html]
[interovr.com/wp-content/uploads/fusion-styles/fusion-3.min6c85.css]
[interovr.com/index2207.html]
[interovr.com/wp-content/uploads/fusion-styles/fusion-1437.minf5dc.css]
[interovr.com/index7979.html]
[interovr.com/wp-content/uploads/fusion-styles/fusion-1148.minb307.css]
[interovr.com/index6ca6.html]
[interovr.com/wp-content/uploads/fusion-styles/fusion-1659.min7326.css]
[interovr.com/index9b2c.html]
[interovr.com/author/mariana/feed/index.html]
[interovr.com/wp-content/uploads/fusion-styles/fusion-1606.minf54c.css]
[interovr.com/es/2018/05/25/checa-nuestras-noticias/feed/index.html]
[interovr.com/wp-json/wp/v2/posts/1606.json]
[interovr.com/wp-json/oembed/1.0/embed67b1.json]
[interovr.com/wp-json/oembed/1.0/embeddbbc]
[interovr.com/es/2018/05/25/checa-nuestras-noticias/index.html]
[interovr.com/wp-content/uploads/fusion-styles/fusion-1613.min0313.css]
[interovr.com/es/2018/05/12/mira-nuestros-demos/feed/index.html]
[interovr.com/wp-json/wp/v2/posts/1613.json]
[interovr.com/wp-json/oembed/1.0/embed0d48.json]
[interovr.com/wp-json/oembed/1.0/embed7358]
[interovr.com/es/2018/05/12/mira-nuestros-demos/index.html]
[interovr.com/es/2018/07/index.html]
[interovr.com/es/2018/04/index.html]
[interovr.com/es/2018/05/index.html]
[interovr.com/wp-content/uploads/fusion-styles/fusion-1626.min7223.css]
[interovr.com/wp-json/wp/v2/posts/1626.json]
[interovr.com/es/2018/05/11/gaceta-unam-publico-a-cerca-de-intero/feed/index.html]
[interovr.com/wp-json/oembed/1.0/embed93f3.json]
[interovr.com/wp-json/oembed/1.0/embed9a90]
[interovr.com/es/2018/05/11/gaceta-unam-publico-a-cerca-de-intero/index.html]
[interovr.com/wp-content/uploads/fusion-styles/fusion-1630.min6c22.css]
[interovr.com/es/2018/05/10/excelsior-tv-publico-nuestro-trabajo/feed/index.html]
[interovr.com/wp-json/wp/v2/posts/1630.json]
[interovr.com/wp-json/oembed/1.0/embedc267.json]
[interovr.com/wp-json/oembed/1.0/embedbf11]
[interovr.com/es/2018/05/10/excelsior-tv-publico-nuestro-trabajo/index.html]
[interovr.com/es/2018/05/09/this-virtual-reality-app-designer-is-a-real-life-tucson-badass-2/feed/index.html]
[interovr.com/wp-content/uploads/fusion-styles/fusion-1633.minb585.css]
[interovr.com/wp-json/wp/v2/posts/1633.json]
[interovr.com/wp-json/oembed/1.0/embed4f40.json]
[interovr.com/wp-json/oembed/1.0/embede087]
[interovr.com/es/2018/05/09/this-virtual-reality-app-designer-is-a-real-life-tucson-badass-2/index.html]
[interovr.com/wp-content/uploads/fusion-styles/fusion-1637.min8af3.css]
[interovr.com/es/2018/05/08/tv-unam-compartio-nuestro-trabajo/feed/index.html]
[interovr.com/wp-json/wp/v2/posts/1637.json]
[interovr.com/wp-json/oembed/1.0/embedc0aa.json]
[interovr.com/wp-json/oembed/1.0/embedb2c2]
[interovr.com/es/2018/05/08/tv-unam-compartio-nuestro-trabajo/index.html]
[interovr.com/wp-content/uploads/fusion-styles/fusion-1640.min9ecc.css]
[interovr.com/es/2018/05/07/noticias-del-df-compartio/feed/index.html]
[interovr.com/wp-json/wp/v2/posts/1640.json]
[interovr.com/wp-json/oembed/1.0/embedc95e.json]
[interovr.com/wp-json/oembed/1.0/embedfd60]
[interovr.com/es/2018/05/07/noticias-del-df-compartio/index.html]
[interovr.com/es/2018/05/06/la-jornada-publico-nuestro-trabajo-en-el-periodico/feed/index.html]
[interovr.com/wp-content/uploads/fusion-styles/fusion-1643.minecde.css]
[interovr.com/wp-json/wp/v2/posts/1643.json]
[interovr.com/wp-json/oembed/1.0/embedb278.json]
[interovr.com/wp-json/oembed/1.0/embedb933]
[interovr.com/es/2018/05/06/la-jornada-publico-nuestro-trabajo-en-el-periodico/index.html]
[interovr.com/es/2018/05/05/tv-azteca-noticias-compartio-una-publicacion-acerca-de-nuestro-trabajo/feed/index.html]
[interovr.com/wp-content/uploads/fusion-styles/fusion-1676.mine7df.css]
[interovr.com/wp-json/wp/v2/posts/1676.json]
[interovr.com/wp-json/oembed/1.0/embed09fc.json]
[interovr.com/wp-json/oembed/1.0/embeda543]
[interovr.com/es/2018/05/05/tv-azteca-noticias-compartio-una-publicacion-acerca-de-nuestro-trabajo/index.html]
[interovr.com/wp-content/uploads/fusion-styles/fusion-1679.mine74f.css]
[interovr.com/es/2018/05/04/notimex-compartio-una-publicacion-de-intero/feed/index.html]
[interovr.com/wp-json/wp/v2/posts/1679.json]
[interovr.com/wp-json/oembed/1.0/embed0eef.json]
[interovr.com/wp-json/oembed/1.0/embed7a2f]
[interovr.com/es/2018/05/04/notimex-compartio-una-publicacion-de-intero/index.html]
[interovr.com/wp-content/uploads/fusion-styles/fusion-1682.min6c9b.css]
[interovr.com/es/2018/05/03/fundacion-unam-compartio-nuestro-trabajo/feed/index.html]
[interovr.com/wp-json/wp/v2/posts/1682.json]
[interovr.com/wp-json/oembed/1.0/embed940c.json]
[interovr.com/wp-json/oembed/1.0/embede5e1]
[interovr.com/es/2018/05/03/fundacion-unam-compartio-nuestro-trabajo/index.html]
[interovr.com/es/2018/05/01/experimentos-con-electroencefalograma-con-musica-y-movimiento/feed/index.html]
[interovr.com/wp-content/uploads/fusion-styles/fusion-1686.minf4ea.css]
[interovr.com/wp-json/wp/v2/posts/1686.json]
[interovr.com/wp-json/oembed/1.0/embed6806.json]
[interovr.com/es/2018/05/01/experimentos-con-electroencefalograma-con-musica-y-movimiento/index.html]
[interovr.com/wp-json/oembed/1.0/embed8aa5]
[interovr.com/es/2018/04/05/unam-compartio-una-publicacion-en-sus-redes-sociales/feed/index.html]
[interovr.com/wp-content/uploads/fusion-styles/fusion-1690.minbf62.css]
[interovr.com/wp-json/wp/v2/posts/1690.json]
[interovr.com/wp-json/oembed/1.0/embedaffd.json]
[interovr.com/wp-json/oembed/1.0/embedd9ef]
[interovr.com/es/2018/04/05/unam-compartio-una-publicacion-en-sus-redes-sociales/index.html]
[interovr.com/es/author/sam/page/2/index.html]
[interovr.com/es/author/sam/+52 1 55 8561 0889.html]
[interovr.com/es/category/uncategorized-es/page/2/index.html]
[interovr.com/es/category/uncategorized-es/feed/index.html]
[interovr.com/wp-content/uploads/fusion-styles/fusion-30-archive.min079a.css]
[interovr.com/wp-json/wp/v2/categories/30.json]
[interovr.com/es/category/uncategorized-es/index.html]
[interovr.com/wp-content/uploads/fusion-styles/fusion-1759.min4da7.css]
[interovr.com/indexe41a.html]
[interovr.com/wp-content/uploads/fusion-styles/fusion-1727.min167d.css]
[interovr.com/indexbda9.html]
[interovr.com/wp-content/uploads/fusion-styles/fusion-6-archive.minf230.css]
[interovr.com/wp-json/wp/v2/users/6.json]
[interovr.com/wp-content/uploads/fusion-styles/fusion-2302.min52f8.css]
[interovr.com/index3f0e.html]
[interovr.com/wp-content/uploads/fusion-styles/fusion-1.mina770.css]
[interovr.com/indexcff1.html]
[interovr.com/wp-content/uploads/fusion-styles/fusion-108.min2343.css]
[interovr.com/index460d.html]
[interovr.com/2019/07/index.html]
[interovr.com/2018/08/index.html]
[interovr.com/2018/05/index.html]
[interovr.com/2018/04/index.html]
[interovr.com/wp-content/uploads/fusion-styles/fusion-0-archive.min2465.css]
[interovr.com/wp-content/plugins/wordfence/modules/login-security/js/login.15664864364bf4.js]
[interovr.com/2018/05/page/2/index.html]
[interovr.com/wp-includes/css/dashicons.mindac3.css]
[interovr.com/wp-includes/css/buttons.mindac3.css]
[interovr.com/wp-admin/css/forms.mindac3.css]
[interovr.com/wp-admin/css/l10n.mindac3.css]
[interovr.com/wp-admin/css/login.mindac3.css]
[interovr.com/wp-content/plugins/wordfence/modules/login-security/css/login.15664864364bf4.css]
[interovr.com/wp-loginc2b6.html]
[interovr.com/wp-includes/js/zxcvbn-async.min5152.js]
[interovr.com/wp-includes/js/dist/vendor/wp-polyfill.min89b1.js]
[interovr.com/wp-includes/js/dist/vendor/wp-polyfill-fetch.min6e0e.js]
[interovr.com/wp-includes/js/dist/vendor/wp-polyfill-node-contains.min2e00.js]
[interovr.com/wp-includes/js/dist/vendor/wp-polyfill-dom-rect.min2e00.js]
[interovr.com/wp-includes/js/dist/vendor/wp-polyfill-url.min5aed.js]
[interovr.com/wp-includes/js/dist/vendor/wp-polyfill-formdata.mine9bd.js]
[interovr.com/wp-includes/js/dist/vendor/wp-polyfill-element-closest.min4c56.js]
[interovr.com/wp-includes/js/dist/i18n.min9e38.js]
[interovr.com/wp-admin/js/password-strength-meter.mindac3.js]
[interovr.com/wp-includes/js/underscore.min4511.js]
[interovr.com/wp-includes/js/wp-util.mindac3.js]
[interovr.com/wp-admin/js/user-profile.mindac3.js]
[interovr.com/wp-login.html]
[interovr.com/membership.html]
[interovr.com/tag/fat/feed/index.html]
[interovr.com/wp-content/uploads/fusion-styles/fusion-7-archive.min37e9.css]
[interovr.com/wp-json/wp/v2/tags/7.json]
[interovr.com/tag/fat/index.html]
[interovr.com/tag/food/feed/index.html]
[interovr.com/wp-content/uploads/fusion-styles/fusion-8-archive.min4f49.css]
[interovr.com/wp-json/wp/v2/tags/8.json]
[interovr.com/tag/food/index.html]
[interovr.com/tag/goals/feed/index.html]
[interovr.com/wp-content/uploads/fusion-styles/fusion-9-archive.min070b.css]
[interovr.com/wp-json/wp/v2/tags/9.json]
[interovr.com/tag/goals/index.html]
[interovr.com/tag/lifting/feed/index.html]
[interovr.com/wp-content/uploads/fusion-styles/fusion-10-archive.mina6e4.css]
[interovr.com/wp-json/wp/v2/tags/10.json]
[interovr.com/tag/lifting/index.html]
[interovr.com/tag/loss/feed/index.html]
[interovr.com/wp-content/uploads/fusion-styles/fusion-11-archive.minb369.css]
[interovr.com/wp-json/wp/v2/tags/11.json]
[interovr.com/tag/loss/index.html]
[interovr.com/tag/muscle/feed/index.html]
[interovr.com/wp-content/uploads/fusion-styles/fusion-12-archive.mina4be.css]
[interovr.com/wp-json/wp/v2/tags/12.json]
[interovr.com/tag/muscle/index.html]
[interovr.com/tag/running/feed/index.html]
[interovr.com/wp-content/uploads/fusion-styles/fusion-13-archive.min9d29.css]
[interovr.com/wp-json/wp/v2/tags/13.json]
[interovr.com/tag/running/index.html]
[interovr.com/tag/strength/feed/index.html]
[interovr.com/wp-content/uploads/fusion-styles/fusion-14-archive.min8149.css]
[interovr.com/wp-json/wp/v2/tags/14.json]
[interovr.com/tag/strength/index.html]
[interovr.com/tag/train/feed/index.html]
[interovr.com/wp-content/uploads/fusion-styles/fusion-15-archive.min3a05.css]
[interovr.com/wp-json/wp/v2/tags/15.json]
[interovr.com/tag/train/index.html]
[interovr.com/wp-content/uploads/fusion-styles/fusion-96.min1fbc.css]
[interovr.com/index6f72.html]
[interovr.com/wp-content/uploads/fusion-styles/fusion-102.minb20c.css]
[interovr.com/indexc5eb.html]
[interovr.com/wp-content/uploads/fusion-styles/fusion-1584.min15ab.css]
[interovr.com/index44d6.html]
[interovr.com/wp-content/uploads/fusion-styles/fusion-105.min8566.css]
[interovr.com/indexea0f.html]
[interovr.com/wp-content/uploads/fusion-styles/fusion-99.minae41.css]
[interovr.com/index5401.html]
[interovr.com/wp-content/uploads/fusion-styles/fusion-719.min99e1.css]
[interovr.com/indexd13e.html]
[interovr.com/wp-content/uploads/fusion-styles/fusion-93.minefe9.css]
[interovr.com/index36d4.html]
[interovr.com/wp-content/uploads/fusion-styles/fusion-721.min2892.css]
[interovr.com/index8bfb.html]
[interovr.com/wp-content/uploads/fusion-styles/fusion-1556.mina4c4.css]
[interovr.com/index674c.html]
[interovr.com/wp-content/uploads/fusion-styles/fusion-111.min93c1.css]
[interovr.com/indexbbbb.html]
[interovr.com/wp-content/uploads/fusion-styles/fusion-1600.mina836.css]
[interovr.com/index497f.html]
[interovr.com/author/sam/page/2/+52 1 55 8561 0889.html]
[interovr.com/wp-content/uploads/fusion-styles/fusion-77-archive.minf7b1.css]
[interovr.com/category/uncategorized/page/2/index.html]
[interovr.com/wp-content/uploads/fusion-styles/fusion-3-archive.min4307.css]
[interovr.com/wp-content/uploads/fusion-styles/fusion-4-archive.min7af6.css]
[interovr.com/wp-content/uploads/fusion-styles/fusion-2-archive.minbae4.css]
[interovr.com/wp-content/uploads/fusion-styles/fusion-5-archive.min5a54.css]
[interovr.com/wp-json/wp/v2/users/4.json]
[interovr.com/wp-content/uploads/fusion-styles/fusion-1606.minf54c.css]
[interovr.com/index082e.html]
[interovr.com/wp-content/uploads/fusion-styles/fusion-1613.min0313.css]
[interovr.com/indexd350.html]
[interovr.com/es/2018/07/index.html]
[interovr.com/es/2018/05/index.html]
[interovr.com/es/2018/04/index.html]
[interovr.com/wp-content/uploads/fusion-styles/fusion-1626.min7223.css]
[interovr.com/indexe264.html]
[interovr.com/wp-content/uploads/fusion-styles/fusion-1630.min6c22.css]
[interovr.com/index325f.html]
[interovr.com/wp-content/uploads/fusion-styles/fusion-1633.minb585.css]
[interovr.com/index208d.html]
[interovr.com/wp-content/uploads/fusion-styles/fusion-1637.min8af3.css]
[interovr.com/index5cb1.html]
[interovr.com/wp-content/uploads/fusion-styles/fusion-1640.min9ecc.css]
[interovr.com/indexe10c.html]
[interovr.com/wp-content/uploads/fusion-styles/fusion-1643.minecde.css]
[interovr.com/indexa94b.html]
[interovr.com/wp-content/uploads/fusion-styles/fusion-1676.mine7df.css]
[interovr.com/index8da6.html]
[interovr.com/wp-content/uploads/fusion-styles/fusion-1679.mine74f.css]
[interovr.com/indexad79.html]
[interovr.com/wp-content/uploads/fusion-styles/fusion-1682.min6c9b.css]
[interovr.com/indexbab4.html]
[interovr.com/wp-content/uploads/fusion-styles/fusion-1686.minf4ea.css]
[interovr.com/index08ac.html]
[interovr.com/wp-content/uploads/fusion-styles/fusion-1690.minbf62.css]
[interovr.com/index2a36.html]
[interovr.com/es/author/sam/page/2/+52 1 55 8561 0889.html]
[interovr.com/es/category/uncategorized-es/page/2/index.html]
[interovr.com/wp-content/uploads/fusion-styles/fusion-30-archive.min079a.css]
[interovr.com/wp-content/uploads/fusion-styles/fusion-0-archive.min2465.css]
[interovr.com/2018/05/page/2/index.html]
[interovr.com/wp-includes/fonts/dashicons7d4b.eot]
[interovr.com/es/2018/05/page/2/index.html]
[interovr.com/wp-includes/css/dashicons.mindac3.css]
[interovr.com/wp-includes/fonts/dashicons7d4b.ttf]
[interovr.com/wp-includes/css/buttons.mindac3.css]
[interovr.com/wp-admin/images/loading.gif]
[interovr.com/wp-admin/css/forms.mindac3.css]
[interovr.com/wp-admin/css/l10n.mindac3.css]
[interovr.com/wp-admin/images/w-logo-blue7a53.png]
[interovr.com/wp-admin/css/login.mindac3.css]
[interovr.com/wp-content/plugins/wordfence/modules/login-security/css/login.15664864364bf4.css]
[interovr.com/wp-loginc2b6.html]
[interovr.com/wp-content/uploads/fusion-styles/fusion-7-archive.min37e9.css]
[interovr.com/wp-content/uploads/fusion-styles/fusion-8-archive.min4f49.css]
[interovr.com/wp-content/uploads/fusion-styles/fusion-9-archive.min070b.css]
[interovr.com/wp-content/uploads/fusion-styles/fusion-10-archive.mina6e4.css]
[interovr.com/wp-content/uploads/fusion-styles/fusion-11-archive.minb369.css]
[interovr.com/wp-content/uploads/fusion-styles/fusion-12-archive.mina4be.css]
[interovr.com/wp-content/uploads/fusion-styles/fusion-13-archive.min9d29.css]
[interovr.com/wp-content/uploads/fusion-styles/fusion-14-archive.min8149.css]
[interovr.com/wp-content/uploads/fusion-styles/fusion-15-archive.min3a05.css]
[interovr.com/es/2018/05/page/2/index.html]
[interovr.com/wp-admin/images/wordpress-logo7d6b.svg]
